[run_bs_robust_experiment] backend=hexaly
[fold 0] T_s re-derived at q=max (A2): median 3.9
[fold 0] warm start: 2000 products seeded
[fold 0] lhat mode=daily
[fold 0] c_q90=4.552 T_s=4 lhat_max=96.4
[fold 0] per-day rows: 38 days x 24 stations = 912 workload rows; matrix lines=550777; coverage=max -> at most 0 of 38 days may breach
Preprocess model 0%
Preprocess model 1%
Preprocess model 1%
Preprocess model 2%
Preprocess model 2%
Preprocess model 3%
Preprocess model 3%
Preprocess model 4%
Preprocess model 4%
Preprocess model 5%
Preprocess model 5%
Preprocess model 6%
Preprocess model 7%
Preprocess model 7%
Preprocess model 8%
Preprocess model 8%
Preprocess model 9%
Preprocess model 9%
Preprocess model 10%
Preprocess model 10%
Preprocess model 11%
Preprocess model 12%
Preprocess model 12%
Preprocess model 13%
Preprocess model 13%
Preprocess model 14%
Preprocess model 14%
Preprocess model 14%
Preprocess model 29%
Preprocess model 43%
Preprocess model 44%
Preprocess model 44%
Preprocess model 45%
Preprocess model 46%
Preprocess model 47%
Preprocess model 48%
Preprocess model 48%
Preprocess model 49%
Preprocess model 50%
Preprocess model 51%
Preprocess model 52%
Preprocess model 52%
Preprocess model 53%
Preprocess model 54%
Preprocess model 55%
Preprocess model 56%
Preprocess model 56%
Preprocess model 57%
Preprocess model 57%
Preprocess model 61%
Preprocess model 64%
Preprocess model 68%
Preprocess model 71%
Preprocess model 71%
Preprocess model 86%
Preprocess model 87%
Preprocess model 88%
Preprocess model 89%
Preprocess model 90%
Preprocess model 92%
Preprocess model 93%
Preprocess model 94%
Preprocess model 95%
Preprocess model 96%
Preprocess model 98%
Preprocess model 99%
Preprocess model 100%
Preprocess model 100%
Preprocess model 100%
[milp_hexaly_robust] gamma=0 vars~48000 rows=per-day days=38 coverage_allowance=0 seeded=2000 build=17.6s (ls_time=45 ignored: the mean-day repair is what this backend replaces)
[milp_hexaly_robust] gamma=0 obj=18789 bound=214.0 status='HxSolutionStatus.FEASIBLE' elapsed=143.4s cap_broken=0 station_days_over=0 days_breached=0/38 (allowed 0)
[fold 0 gamma=0] V_tr=392913 V_te=69071 PoR=0.00% G=0.00% viol_norm=24 max_ratio=31.61 robust_ok=True (144s)
Preprocess model 0%
Preprocess model 1%
Preprocess model 1%
Preprocess model 2%
Preprocess model 2%
Preprocess model 3%
Preprocess model 3%
Preprocess model 4%
Preprocess model 4%
Preprocess model 5%
Preprocess model 5%
Preprocess model 6%
Preprocess model 7%
Preprocess model 7%
Preprocess model 8%
Preprocess model 8%
Preprocess model 9%
Preprocess model 9%
Preprocess model 10%
Preprocess model 10%
Preprocess model 11%
Preprocess model 12%
Preprocess model 12%
Preprocess model 13%
Preprocess model 13%
Preprocess model 14%
Preprocess model 14%
Preprocess model 14%
Preprocess model 29%
Preprocess model 43%
Preprocess model 44%
Preprocess model 44%
Preprocess model 45%
Preprocess model 46%
Preprocess model 47%
Preprocess model 48%
Preprocess model 48%
Preprocess model 49%
Preprocess model 50%
Preprocess model 51%
Preprocess model 52%
Preprocess model 52%
Preprocess model 53%
Preprocess model 54%
Preprocess model 55%
Preprocess model 56%
Preprocess model 56%
Preprocess model 57%
Preprocess model 57%
Preprocess model 61%
Preprocess model 64%
Preprocess model 68%
Preprocess model 71%
Preprocess model 71%
Preprocess model 86%
Preprocess model 87%
Preprocess model 88%
Preprocess model 89%
Preprocess model 90%
Preprocess model 92%
Preprocess model 93%
Preprocess model 94%
Preprocess model 95%
Preprocess model 96%
Preprocess model 98%
Preprocess model 99%
Preprocess model 100%
Preprocess model 100%
Preprocess model 100%
[milp_hexaly_robust] gamma=1 vars~48000 rows=per-day days=38 coverage_allowance=0 seeded=2000 build=24.6s (ls_time=45 ignored: the mean-day repair is what this backend replaces)
[milp_hexaly_robust] gamma=1 obj=26127 bound=0.0 status='HxSolutionStatus.FEASIBLE' elapsed=150.5s cap_broken=0 station_days_over=0 days_breached=0/38 (allowed 0)
[fold 0 gamma=1] V_tr=435790 V_te=76924 PoR=10.91% G=-11.37% viol_norm=24 max_ratio=32.85 robust_ok=True (152s)
Preprocess model 0%
Preprocess model 1%
Preprocess model 1%
Preprocess model 2%
Preprocess model 2%
Preprocess model 3%
Preprocess model 3%
Preprocess model 4%
Preprocess model 4%
Preprocess model 5%
Preprocess model 5%
Preprocess model 6%
Preprocess model 7%
Preprocess model 7%
Preprocess model 8%
Preprocess model 8%
Preprocess model 9%
Preprocess model 9%
Preprocess model 10%
Preprocess model 10%
Preprocess model 11%
Preprocess model 12%
Preprocess model 12%
Preprocess model 13%
Preprocess model 13%
Preprocess model 14%
Preprocess model 14%
Preprocess model 14%
Preprocess model 29%
Preprocess model 43%
Preprocess model 44%
Preprocess model 44%
Preprocess model 45%
Preprocess model 46%
Preprocess model 47%
Preprocess model 48%
Preprocess model 48%
Preprocess model 49%
Preprocess model 50%
Preprocess model 51%
Preprocess model 52%
Preprocess model 52%
Preprocess model 53%
Preprocess model 54%
Preprocess model 55%
Preprocess model 56%
Preprocess model 56%
Preprocess model 57%
Preprocess model 57%
Preprocess model 61%
Preprocess model 64%
Preprocess model 68%
Preprocess model 71%
Preprocess model 71%
Preprocess model 86%
Preprocess model 87%
Preprocess model 88%
Preprocess model 89%
Preprocess model 90%
Preprocess model 92%
Preprocess model 93%
Preprocess model 94%
Preprocess model 95%
Preprocess model 96%
Preprocess model 98%
Preprocess model 99%
Preprocess model 100%
Preprocess model 100%
Preprocess model 100%
[milp_hexaly_robust] gamma=0 vars~48000 rows=per-day days=38 coverage_allowance=0 seeded=2000 build=17.3s (ls_time=45 ignored: the mean-day repair is what this backend replaces)
[milp_hexaly_robust] gamma=0 no feasible solution found (status='infeasible'; NOT proven) elapsed=142.5s
[fold 0 beta=1.02] INFEASIBLE
[run_bs_robust_experiment] DONE: 3 rows -> results/hexaly_smoke
