[run_bs_robust_experiment] backend=hexaly
[fold 0] warm start: 2000 products seeded
[fold 0] lhat mode=daily
[fold 0] c_q90=4.552 T_s=4 lhat_max=96.4
[fold 0] per-day rows: 38 days x 24 stations = 912 workload rows; matrix lines=550777; coverage=max -> at most 0 of 38 days may breach
[fold 0] share band z=3: sum(mu)=1.000000 sum(sigma)=0.1209 total permission=1.363x; INCUMBENT breaches 8/38 train days at this z (reference line, not a target)
Preprocess model 0%
Preprocess model 1%
Preprocess model 1%
Preprocess model 2%
Preprocess model 2%
Preprocess model 3%
Preprocess model 3%
Preprocess model 4%
Preprocess model 4%
Preprocess model 5%
Preprocess model 5%
Preprocess model 6%
Preprocess model 7%
Preprocess model 7%
Preprocess model 8%
Preprocess model 8%
Preprocess model 9%
Preprocess model 9%
Preprocess model 10%
Preprocess model 10%
Preprocess model 11%
Preprocess model 12%
Preprocess model 12%
Preprocess model 13%
Preprocess model 13%
Preprocess model 14%
Preprocess model 14%
Preprocess model 14%
Preprocess model 29%
Preprocess model 43%
Preprocess model 44%
Preprocess model 44%
Preprocess model 45%
Preprocess model 46%
Preprocess model 47%
Preprocess model 48%
Preprocess model 48%
Preprocess model 49%
Preprocess model 50%
Preprocess model 51%
Preprocess model 52%
Preprocess model 52%
Preprocess model 53%
Preprocess model 54%
Preprocess model 55%
Preprocess model 56%
Preprocess model 56%
Preprocess model 57%
Preprocess model 57%
Preprocess model 61%
Preprocess model 64%
Preprocess model 68%
Preprocess model 71%
Preprocess model 71%
Preprocess model 86%
Preprocess model 87%
Preprocess model 88%
Preprocess model 89%
Preprocess model 90%
Preprocess model 92%
Preprocess model 93%
Preprocess model 94%
Preprocess model 95%
Preprocess model 96%
Preprocess model 98%
Preprocess model 99%
Preprocess model 100%
Preprocess model 100%
Preprocess model 100%
[milp_hexaly_robust] gamma=0 vars~48000 duals N/A (gamma=0) contract=share-band(lines) rows=per-day days=38 coverage_allowance=0 seeded=2000 build=17.6s (ls_time=45 ignored: the mean-day repair is what this backend replaces)
[milp_hexaly_robust] gamma=0 obj=18365 bound=1253.0 status='HxSolutionStatus.FEASIBLE' elapsed=143.5s cap_broken=0 station_days_over=0 days_breached=0/38 (allowed 0)
[fold 0 gamma=0] V_tr=389361 V_te=69152 PoR=0.00% G=0.00% viol_norm=24 max_ratio=36.94 robust_ok=True (144s)
Preprocess model 0%
Preprocess model 1%
Preprocess model 1%
Preprocess model 2%
Preprocess model 2%
Preprocess model 3%
Preprocess model 3%
Preprocess model 4%
Preprocess model 4%
Preprocess model 5%
Preprocess model 5%
Preprocess model 6%
Preprocess model 7%
Preprocess model 7%
Preprocess model 8%
Preprocess model 8%
Preprocess model 9%
Preprocess model 9%
Preprocess model 10%
Preprocess model 10%
Preprocess model 11%
Preprocess model 12%
Preprocess model 12%
Preprocess model 13%
Preprocess model 13%
Preprocess model 14%
Preprocess model 14%
Preprocess model 14%
Preprocess model 29%
Preprocess model 43%
Preprocess model 44%
Preprocess model 44%
Preprocess model 45%
Preprocess model 46%
Preprocess model 47%
Preprocess model 48%
Preprocess model 48%
Preprocess model 49%
Preprocess model 50%
Preprocess model 51%
Preprocess model 52%
Preprocess model 52%
Preprocess model 53%
Preprocess model 54%
Preprocess model 55%
Preprocess model 56%
Preprocess model 56%
Preprocess model 57%
Preprocess model 57%
Preprocess model 61%
Preprocess model 64%
Preprocess model 68%
Preprocess model 71%
Preprocess model 71%
Preprocess model 86%
Preprocess model 87%
Preprocess model 88%
Preprocess model 89%
Preprocess model 90%
Preprocess model 92%
Preprocess model 93%
Preprocess model 94%
Preprocess model 95%
Preprocess model 96%
Preprocess model 98%
Preprocess model 99%
Preprocess model 100%
Preprocess model 100%
Preprocess model 100%
[milp_hexaly_robust] gamma=1 vars~48000 duals seeded contract=share-band(lines) rows=per-day days=38 coverage_allowance=0 seeded=2000 build=24.5s (ls_time=45 ignored: the mean-day repair is what this backend replaces)
[milp_hexaly_robust] gamma=1 obj=26404 bound=1145.0 status='HxSolutionStatus.FEASIBLE' elapsed=151.9s cap_broken=0 station_days_over=0 days_breached=0/38 (allowed 0)
[fold 0 gamma=1] V_tr=433654 V_te=76585 PoR=11.38% G=-10.75% viol_norm=24 max_ratio=32.52 robust_ok=True (153s)
Preprocess model 0%
Preprocess model 1%
Preprocess model 1%
Preprocess model 2%
Preprocess model 2%
Preprocess model 3%
Preprocess model 3%
Preprocess model 4%
Preprocess model 4%
Preprocess model 5%
Preprocess model 5%
Preprocess model 6%
Preprocess model 7%
Preprocess model 7%
Preprocess model 8%
Preprocess model 8%
Preprocess model 9%
Preprocess model 9%
Preprocess model 10%
Preprocess model 10%
Preprocess model 11%
Preprocess model 12%
Preprocess model 12%
Preprocess model 13%
Preprocess model 13%
Preprocess model 14%
Preprocess model 14%
Preprocess model 14%
Preprocess model 29%
Preprocess model 43%
Preprocess model 44%
Preprocess model 44%
Preprocess model 45%
Preprocess model 46%
Preprocess model 47%
Preprocess model 48%
Preprocess model 48%
Preprocess model 49%
Preprocess model 50%
Preprocess model 51%
Preprocess model 52%
Preprocess model 52%
Preprocess model 53%
Preprocess model 54%
Preprocess model 55%
Preprocess model 56%
Preprocess model 56%
Preprocess model 57%
Preprocess model 57%
Preprocess model 61%
Preprocess model 64%
Preprocess model 68%
Preprocess model 71%
Preprocess model 71%
Preprocess model 86%
Preprocess model 87%
Preprocess model 88%
Preprocess model 89%
Preprocess model 90%
Preprocess model 92%
Preprocess model 93%
Preprocess model 94%
Preprocess model 95%
Preprocess model 96%
Preprocess model 98%
Preprocess model 99%
Preprocess model 100%
Preprocess model 100%
Preprocess model 100%
[milp_hexaly_robust] gamma=2 vars~48000 duals seeded contract=share-band(lines) rows=per-day days=38 coverage_allowance=0 seeded=2000 build=24.6s (ls_time=45 ignored: the mean-day repair is what this backend replaces)
[milp_hexaly_robust] gamma=2 obj=27306 bound=947.0 status='HxSolutionStatus.FEASIBLE' elapsed=151.2s cap_broken=0 station_days_over=0 days_breached=0/38 (allowed 0)
[fold 0 gamma=2] V_tr=438428 V_te=77106 PoR=12.60% G=-11.50% viol_norm=24 max_ratio=32.19 robust_ok=True (153s)
Preprocess model 0%
Preprocess model 1%
Preprocess model 1%
Preprocess model 2%
Preprocess model 2%
Preprocess model 3%
Preprocess model 3%
Preprocess model 4%
Preprocess model 4%
Preprocess model 5%
Preprocess model 5%
Preprocess model 6%
Preprocess model 7%
Preprocess model 7%
Preprocess model 8%
Preprocess model 8%
Preprocess model 9%
Preprocess model 9%
Preprocess model 10%
Preprocess model 10%
Preprocess model 11%
Preprocess model 12%
Preprocess model 12%
Preprocess model 13%
Preprocess model 13%
Preprocess model 14%
Preprocess model 14%
Preprocess model 14%
Preprocess model 29%
Preprocess model 43%
Preprocess model 44%
Preprocess model 44%
Preprocess model 45%
Preprocess model 46%
Preprocess model 47%
Preprocess model 48%
Preprocess model 48%
Preprocess model 49%
Preprocess model 50%
Preprocess model 51%
Preprocess model 52%
Preprocess model 52%
Preprocess model 53%
Preprocess model 54%
Preprocess model 55%
Preprocess model 56%
Preprocess model 56%
Preprocess model 57%
Preprocess model 57%
Preprocess model 61%
Preprocess model 64%
Preprocess model 68%
Preprocess model 71%
Preprocess model 71%
Preprocess model 86%
Preprocess model 87%
Preprocess model 88%
Preprocess model 89%
Preprocess model 90%
Preprocess model 92%
Preprocess model 93%
Preprocess model 94%
Preprocess model 95%
Preprocess model 96%
Preprocess model 98%
Preprocess model 99%
Preprocess model 100%
Preprocess model 100%
Preprocess model 100%
[milp_hexaly_robust] gamma=4 vars~48000 duals seeded contract=share-band(lines) rows=per-day days=38 coverage_allowance=0 seeded=2000 build=24.6s (ls_time=45 ignored: the mean-day repair is what this backend replaces)
[milp_hexaly_robust] gamma=4 no feasible solution found (status='infeasible'; NOT proven) elapsed=151.7s
[fold 0 gamma=4] UNDETERMINED (no incumbent in limit)
[fold 0] beta=1.02: band tightened to 1.3359x total permission (vs 1.3626x at beta=1); INCUMBENT breaches 9/38 train days
Preprocess model 0%
Preprocess model 1%
Preprocess model 1%
Preprocess model 2%
Preprocess model 2%
Preprocess model 3%
Preprocess model 3%
Preprocess model 4%
Preprocess model 4%
Preprocess model 5%
Preprocess model 5%
Preprocess model 6%
Preprocess model 7%
Preprocess model 7%
Preprocess model 8%
Preprocess model 8%
Preprocess model 9%
Preprocess model 9%
Preprocess model 10%
Preprocess model 10%
Preprocess model 11%
Preprocess model 12%
Preprocess model 12%
Preprocess model 13%
Preprocess model 13%
Preprocess model 14%
Preprocess model 14%
Preprocess model 14%
Preprocess model 29%
Preprocess model 43%
Preprocess model 44%
Preprocess model 44%
Preprocess model 45%
Preprocess model 46%
Preprocess model 47%
Preprocess model 48%
Preprocess model 48%
Preprocess model 49%
Preprocess model 50%
Preprocess model 51%
Preprocess model 52%
Preprocess model 52%
Preprocess model 53%
Preprocess model 54%
Preprocess model 55%
Preprocess model 56%
Preprocess model 56%
Preprocess model 57%
Preprocess model 57%
Preprocess model 61%
Preprocess model 64%
Preprocess model 68%
Preprocess model 71%
Preprocess model 71%
Preprocess model 86%
Preprocess model 87%
Preprocess model 88%
Preprocess model 89%
Preprocess model 90%
Preprocess model 92%
Preprocess model 93%
Preprocess model 94%
Preprocess model 95%
Preprocess model 96%
Preprocess model 98%
Preprocess model 99%
Preprocess model 100%
Preprocess model 100%
Preprocess model 100%
[milp_hexaly_robust] gamma=0 vars~48000 duals N/A (gamma=0) contract=share-band(lines) rows=per-day days=38 coverage_allowance=0 seeded=2000 build=17.4s (ls_time=45 ignored: the mean-day repair is what this backend replaces)
[milp_hexaly_robust] gamma=0 obj=18553 bound=1198.0 status='HxSolutionStatus.FEASIBLE' elapsed=142.6s cap_broken=0 station_days_over=0 days_breached=0/38 (allowed 0)
[fold 0 beta=1.02] V_tr=390574 V_te=68676 PoR=0.31% G=0.69% viol_norm=24 max_ratio=33.36
[fold 0] beta=1.05: band tightened to 1.2977x total permission (vs 1.3626x at beta=1); INCUMBENT breaches 13/38 train days
Preprocess model 0%
Preprocess model 1%
Preprocess model 1%
Preprocess model 2%
Preprocess model 2%
Preprocess model 3%
Preprocess model 3%
Preprocess model 4%
Preprocess model 4%
Preprocess model 5%
Preprocess model 5%
Preprocess model 6%
Preprocess model 7%
Preprocess model 7%
Preprocess model 8%
Preprocess model 8%
Preprocess model 9%
Preprocess model 9%
Preprocess model 10%
Preprocess model 10%
Preprocess model 11%
Preprocess model 12%
Preprocess model 12%
Preprocess model 13%
Preprocess model 13%
Preprocess model 14%
Preprocess model 14%
Preprocess model 14%
Preprocess model 29%
Preprocess model 43%
Preprocess model 44%
Preprocess model 44%
Preprocess model 45%
Preprocess model 46%
Preprocess model 47%
Preprocess model 48%
Preprocess model 48%
Preprocess model 49%
Preprocess model 50%
Preprocess model 51%
Preprocess model 52%
Preprocess model 52%
Preprocess model 53%
Preprocess model 54%
Preprocess model 55%
Preprocess model 56%
Preprocess model 56%
Preprocess model 57%
Preprocess model 57%
Preprocess model 61%
Preprocess model 64%
Preprocess model 68%
Preprocess model 71%
Preprocess model 71%
Preprocess model 86%
Preprocess model 87%
Preprocess model 88%
Preprocess model 89%
Preprocess model 90%
Preprocess model 92%
Preprocess model 93%
Preprocess model 94%
Preprocess model 95%
Preprocess model 96%
Preprocess model 98%
Preprocess model 99%
Preprocess model 100%
Preprocess model 100%
Preprocess model 100%
[milp_hexaly_robust] gamma=0 vars~48000 duals N/A (gamma=0) contract=share-band(lines) rows=per-day days=38 coverage_allowance=0 seeded=2000 build=17.3s (ls_time=45 ignored: the mean-day repair is what this backend replaces)
[milp_hexaly_robust] gamma=0 obj=18992 bound=1324.0 status='HxSolutionStatus.FEASIBLE' elapsed=142.4s cap_broken=0 station_days_over=0 days_breached=0/38 (allowed 0)
[fold 0 beta=1.05] V_tr=391878 V_te=69528 PoR=0.65% G=-0.54% viol_norm=24 max_ratio=36.05
[run_bs_robust_experiment] DONE: 6 rows -> results/z_contract/pilot_f0_z3_120s
