[run_bs_robust_experiment] backend=hexaly
[fold 0] warm start: 2000 products seeded
[fold 0] lhat mode=daily
[fold 0] c_q90=4.552 T_s=4 lhat_max=96.4
[fold 0] per-day rows: 38 days x 24 stations = 912 workload rows; matrix lines=550777; coverage=max -> at most 0 of 38 days may breach
[fold 0] share band z=3: sum(mu)=1.000000 sum(sigma)=0.1209 total permission=1.363x; INCUMBENT breaches 8/38 train days at this z (reference line, not a target)
Preprocess model 0%
Preprocess model 1%
Preprocess model 1%
Preprocess model 2%
Preprocess model 2%
Preprocess model 3%
Preprocess model 3%
Preprocess model 4%
Preprocess model 4%
Preprocess model 5%
Preprocess model 5%
Preprocess model 6%
Preprocess model 7%
Preprocess model 7%
Preprocess model 8%
Preprocess model 8%
Preprocess model 9%
Preprocess model 9%
Preprocess model 10%
Preprocess model 10%
Preprocess model 11%
Preprocess model 12%
Preprocess model 12%
Preprocess model 13%
Preprocess model 13%
Preprocess model 14%
Preprocess model 14%
Preprocess model 14%
Preprocess model 29%
Preprocess model 43%
Preprocess model 44%
Preprocess model 44%
Preprocess model 45%
Preprocess model 46%
Preprocess model 47%
Preprocess model 48%
Preprocess model 48%
Preprocess model 49%
Preprocess model 50%
Preprocess model 51%
Preprocess model 52%
Preprocess model 52%
Preprocess model 53%
Preprocess model 54%
Preprocess model 55%
Preprocess model 56%
Preprocess model 56%
Preprocess model 57%
Preprocess model 57%
Preprocess model 61%
Preprocess model 64%
Preprocess model 68%
Preprocess model 71%
Preprocess model 71%
Preprocess model 86%
Preprocess model 87%
Preprocess model 88%
Preprocess model 89%
Preprocess model 90%
Preprocess model 92%
Preprocess model 93%
Preprocess model 94%
Preprocess model 95%
Preprocess model 96%
Preprocess model 98%
Preprocess model 99%
Preprocess model 100%
Preprocess model 100%
Preprocess model 100%
[milp_hexaly_robust] gamma=0 vars~48000 duals N/A (gamma=0) contract=share-band(lines) rows=per-day days=38 coverage_allowance=0 seeded=2000 build=17.7s (ls_time=45 ignored: the mean-day repair is what this backend replaces)
[milp_hexaly_robust] gamma=0 obj=17857 bound=3139.0 status='HxSolutionStatus.FEASIBLE' elapsed=623.6s cap_broken=0 station_days_over=0 days_breached=0/38 (allowed 0)
[fold 0 gamma=0] V_tr=384567 V_te=67774 PoR=0.00% G=0.00% viol_norm=24 max_ratio=37.50 robust_ok=True (624s)
Preprocess model 0%
Preprocess model 1%
Preprocess model 1%
Preprocess model 2%
Preprocess model 2%
Preprocess model 3%
Preprocess model 3%
Preprocess model 4%
Preprocess model 4%
Preprocess model 5%
Preprocess model 5%
Preprocess model 6%
Preprocess model 7%
Preprocess model 7%
Preprocess model 8%
Preprocess model 8%
Preprocess model 9%
Preprocess model 9%
Preprocess model 10%
Preprocess model 10%
Preprocess model 11%
Preprocess model 12%
Preprocess model 12%
Preprocess model 13%
Preprocess model 13%
Preprocess model 14%
Preprocess model 14%
Preprocess model 14%
Preprocess model 29%
Preprocess model 43%
Preprocess model 44%
Preprocess model 44%
Preprocess model 45%
Preprocess model 46%
Preprocess model 47%
Preprocess model 48%
Preprocess model 48%
Preprocess model 49%
Preprocess model 50%
Preprocess model 51%
Preprocess model 52%
Preprocess model 52%
Preprocess model 53%
Preprocess model 54%
Preprocess model 55%
Preprocess model 56%
Preprocess model 56%
Preprocess model 57%
Preprocess model 57%
Preprocess model 61%
Preprocess model 64%
Preprocess model 68%
Preprocess model 71%
Preprocess model 71%
Preprocess model 86%
Preprocess model 87%
Preprocess model 88%
Preprocess model 89%
Preprocess model 90%
Preprocess model 92%
Preprocess model 93%
Preprocess model 94%
Preprocess model 95%
Preprocess model 96%
Preprocess model 98%
Preprocess model 99%
Preprocess model 100%
Preprocess model 100%
Preprocess model 100%
[milp_hexaly_robust] gamma=4 vars~48000 duals seeded contract=share-band(lines) rows=per-day days=38 coverage_allowance=0 seeded=2000 build=24.5s (ls_time=45 ignored: the mean-day repair is what this backend replaces)
[milp_hexaly_robust] gamma=4 obj=29725 bound=2079.0 status='HxSolutionStatus.FEASIBLE' elapsed=631.5s cap_broken=0 station_days_over=0 days_breached=0/38 (allowed 0)
[fold 0 gamma=4] V_tr=446699 V_te=78366 PoR=16.16% G=-15.63% viol_norm=24 max_ratio=35.78 robust_ok=True (633s)
[run_bs_robust_experiment] DONE: 2 rows -> results/z_contract/_probe_g4_600s
