[run_bs_robust_experiment] backend=hexaly
[fold 1] warm start: 2000 products seeded
[fold 1] lhat mode=daily
[fold 1] c_q90=4.343 T_s=5 lhat_max=100.2
[fold 1] per-day rows: 43 days x 24 stations = 1032 workload rows; matrix lines=648190; coverage=max -> at most 0 of 43 days may breach
[fold 1] share band z=4: sum(mu)=1.000000 sum(sigma)=0.1186 total permission=1.474x; INCUMBENT breaches 2/43 train days at this z (reference line, not a target)
Preprocess model 0%
Preprocess model 1%
Preprocess model 1%
Preprocess model 2%
Preprocess model 2%
Preprocess model 3%
Preprocess model 3%
Preprocess model 4%
Preprocess model 4%
Preprocess model 5%
Preprocess model 5%
Preprocess model 6%
Preprocess model 7%
Preprocess model 7%
Preprocess model 8%
Preprocess model 8%
Preprocess model 9%
Preprocess model 9%
Preprocess model 10%
Preprocess model 10%
Preprocess model 11%
Preprocess model 12%
Preprocess model 12%
Preprocess model 13%
Preprocess model 13%
Preprocess model 14%
Preprocess model 14%
Preprocess model 14%
Preprocess model 29%
Preprocess model 43%
Preprocess model 44%
Preprocess model 44%
Preprocess model 45%
Preprocess model 46%
Preprocess model 47%
Preprocess model 48%
Preprocess model 48%
Preprocess model 49%
Preprocess model 50%
Preprocess model 51%
Preprocess model 52%
Preprocess model 52%
Preprocess model 53%
Preprocess model 54%
Preprocess model 55%
Preprocess model 56%
Preprocess model 56%
Preprocess model 57%
Preprocess model 57%
Preprocess model 61%
Preprocess model 64%
Preprocess model 68%
Preprocess model 71%
Preprocess model 71%
Preprocess model 86%
Preprocess model 87%
Preprocess model 88%
Preprocess model 89%
Preprocess model 90%
Preprocess model 92%
Preprocess model 93%
Preprocess model 94%
Preprocess model 95%
Preprocess model 96%
Preprocess model 98%
Preprocess model 99%
Preprocess model 100%
Preprocess model 100%
Preprocess model 100%
[milp_hexaly_robust] gamma=0 vars~48000 duals N/A (gamma=0) contract=share-band(lines) rows=per-day days=43 coverage_allowance=0 seeded=2000 build=19.5s (ls_time=45 ignored: the mean-day repair is what this backend replaces)
[milp_hexaly_robust] gamma=0 obj=18903 bound=1822.0 status='HxSolutionStatus.FEASIBLE' elapsed=625.9s cap_broken=0 station_days_over=0 days_breached=0/43 (allowed 0)
[fold 1 gamma=0] V_tr=452584 V_te=32230 PoR=0.00% G=0.00% viol_norm=24 max_ratio=41.37 robust_ok=True (627s)
Preprocess model 0%
Preprocess model 1%
Preprocess model 1%
Preprocess model 2%
Preprocess model 2%
Preprocess model 3%
Preprocess model 3%
Preprocess model 4%
Preprocess model 4%
Preprocess model 5%
Preprocess model 5%
Preprocess model 6%
Preprocess model 7%
Preprocess model 7%
Preprocess model 8%
Preprocess model 8%
Preprocess model 9%
Preprocess model 9%
Preprocess model 10%
Preprocess model 10%
Preprocess model 11%
Preprocess model 12%
Preprocess model 12%
Preprocess model 13%
Preprocess model 13%
Preprocess model 14%
Preprocess model 14%
Preprocess model 14%
Preprocess model 29%
Preprocess model 43%
Preprocess model 44%
Preprocess model 44%
Preprocess model 45%
Preprocess model 46%
Preprocess model 47%
Preprocess model 48%
Preprocess model 48%
Preprocess model 49%
Preprocess model 50%
Preprocess model 51%
Preprocess model 52%
Preprocess model 52%
Preprocess model 53%
Preprocess model 54%
Preprocess model 55%
Preprocess model 56%
Preprocess model 56%
Preprocess model 57%
Preprocess model 57%
Preprocess model 61%
Preprocess model 64%
Preprocess model 68%
Preprocess model 71%
Preprocess model 71%
Preprocess model 86%
Preprocess model 87%
Preprocess model 88%
Preprocess model 89%
Preprocess model 90%
Preprocess model 92%
Preprocess model 93%
Preprocess model 94%
Preprocess model 95%
Preprocess model 96%
Preprocess model 98%
Preprocess model 99%
Preprocess model 100%
Preprocess model 100%
Preprocess model 100%
[milp_hexaly_robust] gamma=2 vars~48000 duals seeded contract=share-band(lines) rows=per-day days=43 coverage_allowance=0 seeded=2000 build=27.0s (ls_time=45 ignored: the mean-day repair is what this backend replaces)
[milp_hexaly_robust] gamma=2 obj=25961 bound=1529.0 status='HxSolutionStatus.FEASIBLE' elapsed=635.3s cap_broken=0 station_days_over=0 days_breached=0/43 (allowed 0)
[fold 1 gamma=2] V_tr=496408 V_te=35335 PoR=9.68% G=-9.63% viol_norm=24 max_ratio=39.50 robust_ok=True (637s)
[run_bs_robust_experiment] DONE: 2 rows -> results/z_contract/_seed_rep/z4_f1_s22
