[daily_metrics] syn_1000sku_seed1001_d00_r0f0: no layouts found
[daily_metrics] syn_1000sku_seed1001_d00_r0f1: no layouts found
[daily_metrics] syn_1000sku_seed1001_d00_r0f2: no layouts found
[daily_metrics] syn_1000sku_seed1001_d00_r0f3: no layouts found
[daily_metrics] syn_1000sku_seed1001_d30_r0f0: no layouts found
[daily_metrics] syn_1000sku_seed1001_d30_r0f1: no layouts found
[daily_metrics] syn_1000sku_seed1001_d30_r0f2: no layouts found
[daily_metrics] syn_1000sku_seed1001_d30_r0f3: no layouts found
[daily_metrics] syn_1000sku_seed1002_d00_r0f0: no layouts found
[daily_metrics] syn_1000sku_seed1002_d00_r0f1: no layouts found
[daily_metrics] syn_1000sku_seed1002_d00_r0f2: no layouts found
[daily_metrics] syn_1000sku_seed1002_d00_r0f3: no layouts found
[daily_metrics] syn_1000sku_seed1002_d30_r0f0: no layouts found
[daily_metrics] syn_1000sku_seed1002_d30_r0f1: no layouts found
[daily_metrics] syn_1000sku_seed1002_d30_r0f2: no layouts found
[daily_metrics] syn_1000sku_seed1002_d30_r0f3: no layouts found
[daily_metrics] syn_1000sku_seed1003_d00_r0f0: no layouts found
[daily_metrics] syn_1000sku_seed1003_d00_r0f1: no layouts found
[daily_metrics] syn_1000sku_seed1003_d00_r0f2: no layouts found
[daily_metrics] syn_1000sku_seed1003_d00_r0f3: no layouts found
[daily_metrics] syn_1000sku_seed1003_d30_r0f0: no layouts found
[daily_metrics] syn_1000sku_seed1003_d30_r0f1: no layouts found
[daily_metrics] syn_1000sku_seed1003_d30_r0f2: no layouts found
[daily_metrics] syn_1000sku_seed1003_d30_r0f3: no layouts found
[daily_metrics] syn_1000sku_seed1004_d00_r0f0: no layouts found
[daily_metrics] syn_1000sku_seed1004_d00_r0f1: no layouts found
[daily_metrics] syn_1000sku_seed1004_d00_r0f2: no layouts found
[daily_metrics] syn_1000sku_seed1004_d00_r0f3: no layouts found
[daily_metrics] syn_1000sku_seed1004_d30_r0f0: no layouts found
[daily_metrics] syn_1000sku_seed1004_d30_r0f1: no layouts found
[daily_metrics] syn_1000sku_seed1004_d30_r0f2: no layouts found
[daily_metrics] syn_1000sku_seed1004_d30_r0f3: no layouts found
[daily_metrics] syn_500sku_seed1001_d00_r0f1: no layouts found
[daily_metrics] syn_500sku_seed1001_d00_r0f2: no layouts found
[daily_metrics] syn_500sku_seed1001_d00_r0f3: no layouts found
[daily_metrics] syn_500sku_seed1001_d30_r0f0: no layouts found
[daily_metrics] syn_500sku_seed1001_d30_r0f1: no layouts found
[daily_metrics] syn_500sku_seed1001_d30_r0f2: no layouts found
[daily_metrics] syn_500sku_seed1001_d30_r0f3: no layouts found
[daily_metrics] syn_500sku_seed1002_d00_r0f0: no layouts found
[daily_metrics] syn_500sku_seed1002_d00_r0f1: no layouts found
[daily_metrics] syn_500sku_seed1002_d00_r0f2: no layouts found
[daily_metrics] syn_500sku_seed1002_d00_r0f3: no layouts found
[daily_metrics] syn_500sku_seed1002_d30_r0f0: no layouts found
[daily_metrics] syn_500sku_seed1002_d30_r0f1: no layouts found
[daily_metrics] syn_500sku_seed1002_d30_r0f2: no layouts found
[daily_metrics] syn_500sku_seed1002_d30_r0f3: no layouts found
[daily_metrics] syn_500sku_seed1003_d00_r0f0: no layouts found
[daily_metrics] syn_500sku_seed1003_d00_r0f1: no layouts found
[daily_metrics] syn_500sku_seed1003_d00_r0f2: no layouts found
[daily_metrics] syn_500sku_seed1003_d00_r0f3: no layouts found
[daily_metrics] syn_500sku_seed1003_d30_r0f0: no layouts found
[daily_metrics] syn_500sku_seed1003_d30_r0f1: no layouts found
[daily_metrics] syn_500sku_seed1003_d30_r0f2: no layouts found
[daily_metrics] syn_500sku_seed1003_d30_r0f3: no layouts found
[daily_metrics] syn_500sku_seed1004_d00_r0f0: no layouts found
[daily_metrics] syn_500sku_seed1004_d00_r0f1: no layouts found
[daily_metrics] syn_500sku_seed1004_d00_r0f2: no layouts found
[daily_metrics] syn_500sku_seed1004_d00_r0f3: no layouts found
[daily_metrics] syn_500sku_seed1004_d30_r0f0: no layouts found
[daily_metrics] syn_500sku_seed1004_d30_r0f1: no layouts found
[daily_metrics] syn_500sku_seed1004_d30_r0f2: no layouts found
[daily_metrics] syn_500sku_seed1004_d30_r0f3: no layouts found
[daily_metrics] syn_500sku_seed1005_d00_r0f0: no layouts found
[daily_metrics] syn_500sku_seed1005_d00_r0f1: no layouts found
[daily_metrics] syn_500sku_seed1005_d00_r0f2: no layouts found
[daily_metrics] syn_500sku_seed1005_d00_r0f3: no layouts found
[daily_metrics] syn_500sku_seed1005_d30_r0f0: no layouts found
[daily_metrics] syn_500sku_seed1005_d30_r0f1: no layouts found
[daily_metrics] syn_500sku_seed1005_d30_r0f2: no layouts found
[daily_metrics] syn_500sku_seed1005_d30_r0f3: no layouts found
[daily_metrics] syn_500sku_seed1006_d00_r0f0: no layouts found
[daily_metrics] syn_500sku_seed1006_d00_r0f1: no layouts found
[daily_metrics] syn_500sku_seed1006_d00_r0f2: no layouts found
[daily_metrics] syn_500sku_seed1006_d00_r0f3: no layouts found
[daily_metrics] syn_500sku_seed1006_d30_r0f0: no layouts found
[daily_metrics] syn_500sku_seed1006_d30_r0f1: no layouts found
[daily_metrics] syn_500sku_seed1006_d30_r0f2: no layouts found
[daily_metrics] syn_500sku_seed1006_d30_r0f3: no layouts found
[daily_metrics] syn_500sku_seed1007_d00_r0f0: no layouts found
[daily_metrics] syn_500sku_seed1007_d00_r0f1: no layouts found
[daily_metrics] syn_500sku_seed1007_d00_r0f2: no layouts found
[daily_metrics] syn_500sku_seed1007_d00_r0f3: no layouts found
[daily_metrics] syn_500sku_seed1007_d30_r0f0: no layouts found
[daily_metrics] syn_500sku_seed1007_d30_r0f1: no layouts found
[daily_metrics] syn_500sku_seed1007_d30_r0f2: no layouts found
[daily_metrics] syn_500sku_seed1007_d30_r0f3: no layouts found
[daily_metrics] syn_500sku_seed1008_d00_r0f0: no layouts found
[daily_metrics] syn_500sku_seed1008_d00_r0f1: no layouts found
[daily_metrics] syn_500sku_seed1008_d00_r0f2: no layouts found
[daily_metrics] syn_500sku_seed1008_d00_r0f3: no layouts found
[daily_metrics] syn_500sku_seed1008_d30_r0f0: no layouts found
[daily_metrics] syn_500sku_seed1008_d30_r0f1: no layouts found
[daily_metrics] syn_500sku_seed1008_d30_r0f2: no layouts found
[daily_metrics] syn_500sku_seed1008_d30_r0f3: no layouts found
[daily_metrics] syn_500sku_seed1009_d00_r0f0: no layouts found
[daily_metrics] syn_500sku_seed1009_d00_r0f1: no layouts found
[daily_metrics] syn_500sku_seed1009_d00_r0f2: no layouts found
[daily_metrics] syn_500sku_seed1009_d00_r0f3: no layouts found
[daily_metrics] syn_500sku_seed1009_d30_r0f0: no layouts found
[daily_metrics] syn_500sku_seed1009_d30_r0f1: no layouts found
[daily_metrics] syn_500sku_seed1009_d30_r0f2: no layouts found
[daily_metrics] syn_500sku_seed1009_d30_r0f3: no layouts found
[daily_metrics] syn_500sku_seed1010_d00_r0f0: no layouts found
[daily_metrics] syn_500sku_seed1010_d00_r0f1: no layouts found
[daily_metrics] syn_500sku_seed1010_d00_r0f2: no layouts found
[daily_metrics] syn_500sku_seed1010_d00_r0f3: no layouts found
[daily_metrics] syn_500sku_seed1010_d30_r0f0: no layouts found
[daily_metrics] syn_500sku_seed1010_d30_r0f1: no layouts found
[daily_metrics] syn_500sku_seed1010_d30_r0f2: no layouts found
[daily_metrics] syn_500sku_seed1010_d30_r0f3: no layouts found
[daily_metrics] 30 rows -> results/daily_metrics_exp02a.csv

TEST-window summary (all folds pooled)
  arm tcap_quantile  days_viol  days    worst  mean_ratio
b1.02           max          3     5 1.340340    1.032633
b1.02           p90          3     5 1.406306    1.083454
b1.02           p95          3     5 1.384580    1.066716
   g0           max          4     5 1.592593    1.187187
   g0           p90          4     5 1.670973    1.245615
   g0           p95          4     5 1.645159    1.226372
   g1           max          3     5 1.471471    1.110310
   g1           p90          3     5 1.543891    1.164955
   g1           p95          3     5 1.520040    1.146958
   g2           max          4     5 1.581582    1.239840
   g2           p90          4     5 1.659420    1.300859
   g2           p95          4     5 1.633784    1.280763
   g4           max          3     5 1.477477    1.107107
   g4           p90          4     5 1.550192    1.161594
   g4           p95          4     5 1.526244    1.143649
