[run_bs_robust_experiment] backend=hexaly
[fold 2] warm start: 2000 products seeded
[fold 2] lhat mode=daily
[fold 2] c_q90=4.259 T_s=5 lhat_max=104.1
[fold 2] per-day rows: 47 days x 24 stations = 1128 workload rows; matrix lines=694557; coverage=max -> at most 0 of 47 days may breach
[fold 2] share band z=3: sum(mu)=1.000000 sum(sigma)=0.1186 total permission=1.356x; INCUMBENT breaches 9/47 train days at this z (reference line, not a target)
Preprocess model 0%
Preprocess model 1%
Preprocess model 1%
Preprocess model 2%
Preprocess model 2%
Preprocess model 3%
Preprocess model 3%
Preprocess model 4%
Preprocess model 4%
Preprocess model 5%
Preprocess model 5%
Preprocess model 6%
Preprocess model 7%
Preprocess model 7%
Preprocess model 8%
Preprocess model 8%
Preprocess model 9%
Preprocess model 9%
Preprocess model 10%
Preprocess model 10%
Preprocess model 11%
Preprocess model 12%
Preprocess model 12%
Preprocess model 13%
Preprocess model 13%
Preprocess model 14%
Preprocess model 14%
Preprocess model 14%
Preprocess model 29%
Preprocess model 43%
Preprocess model 44%
Preprocess model 44%
Preprocess model 45%
Preprocess model 46%
Preprocess model 47%
Preprocess model 48%
Preprocess model 48%
Preprocess model 49%
Preprocess model 50%
Preprocess model 51%
Preprocess model 52%
Preprocess model 52%
Preprocess model 53%
Preprocess model 54%
Preprocess model 55%
Preprocess model 56%
Preprocess model 56%
Preprocess model 57%
Preprocess model 57%
Preprocess model 61%
Preprocess model 64%
Preprocess model 68%
Preprocess model 71%
Preprocess model 71%
Preprocess model 86%
Preprocess model 87%
Preprocess model 88%
Preprocess model 89%
Preprocess model 90%
Preprocess model 92%
Preprocess model 93%
Preprocess model 94%
Preprocess model 95%
Preprocess model 96%
Preprocess model 98%
Preprocess model 99%
Preprocess model 100%
Preprocess model 100%
Preprocess model 100%
[milp_hexaly_robust] gamma=0 vars~48000 duals N/A (gamma=0) contract=share-band(lines) rows=per-day days=47 coverage_allowance=0 seeded=2000 build=20.8s (ls_time=45 ignored: the mean-day repair is what this backend replaces)
[milp_hexaly_robust] gamma=0 obj=20278 bound=2318.0 status='HxSolutionStatus.FEASIBLE' elapsed=627.1s cap_broken=0 station_days_over=0 days_breached=0/47 (allowed 0)
[fold 2 gamma=0] V_tr=484191 V_te=30840 PoR=0.00% G=0.00% viol_norm=24 max_ratio=43.06 robust_ok=True (628s)
Preprocess model 0%
Preprocess model 1%
Preprocess model 1%
Preprocess model 2%
Preprocess model 2%
Preprocess model 3%
Preprocess model 3%
Preprocess model 4%
Preprocess model 4%
Preprocess model 5%
Preprocess model 5%
Preprocess model 6%
Preprocess model 7%
Preprocess model 7%
Preprocess model 8%
Preprocess model 8%
Preprocess model 9%
Preprocess model 9%
Preprocess model 10%
Preprocess model 10%
Preprocess model 11%
Preprocess model 12%
Preprocess model 12%
Preprocess model 13%
Preprocess model 13%
Preprocess model 14%
Preprocess model 14%
Preprocess model 14%
Preprocess model 29%
Preprocess model 43%
Preprocess model 44%
Preprocess model 44%
Preprocess model 45%
Preprocess model 46%
Preprocess model 47%
Preprocess model 48%
Preprocess model 48%
Preprocess model 49%
Preprocess model 50%
Preprocess model 51%
Preprocess model 52%
Preprocess model 52%
Preprocess model 53%
Preprocess model 54%
Preprocess model 55%
Preprocess model 56%
Preprocess model 56%
Preprocess model 57%
Preprocess model 57%
Preprocess model 61%
Preprocess model 64%
Preprocess model 68%
Preprocess model 71%
Preprocess model 71%
Preprocess model 86%
Preprocess model 87%
Preprocess model 88%
Preprocess model 89%
Preprocess model 90%
Preprocess model 92%
Preprocess model 93%
Preprocess model 94%
Preprocess model 95%
Preprocess model 96%
Preprocess model 98%
Preprocess model 99%
Preprocess model 100%
Preprocess model 100%
Preprocess model 100%
[milp_hexaly_robust] gamma=1 vars~48000 duals seeded contract=share-band(lines) rows=per-day days=47 coverage_allowance=0 seeded=2000 build=28.6s (ls_time=45 ignored: the mean-day repair is what this backend replaces)
[milp_hexaly_robust] gamma=1 obj=29325 bound=965.0 status='HxSolutionStatus.FEASIBLE' elapsed=636.4s cap_broken=0 station_days_over=0 days_breached=0/47 (allowed 0)
[fold 2 gamma=1] V_tr=543300 V_te=34295 PoR=12.21% G=-11.20% viol_norm=24 max_ratio=33.24 robust_ok=True (638s)
Preprocess model 0%
Preprocess model 1%
Preprocess model 1%
Preprocess model 2%
Preprocess model 2%
Preprocess model 3%
Preprocess model 3%
Preprocess model 4%
Preprocess model 4%
Preprocess model 5%
Preprocess model 5%
Preprocess model 6%
Preprocess model 7%
Preprocess model 7%
Preprocess model 8%
Preprocess model 8%
Preprocess model 9%
Preprocess model 9%
Preprocess model 10%
Preprocess model 10%
Preprocess model 11%
Preprocess model 12%
Preprocess model 12%
Preprocess model 13%
Preprocess model 13%
Preprocess model 14%
Preprocess model 14%
Preprocess model 14%
Preprocess model 29%
Preprocess model 43%
Preprocess model 44%
Preprocess model 44%
Preprocess model 45%
Preprocess model 46%
Preprocess model 47%
Preprocess model 48%
Preprocess model 48%
Preprocess model 49%
Preprocess model 50%
Preprocess model 51%
Preprocess model 52%
Preprocess model 52%
Preprocess model 53%
Preprocess model 54%
Preprocess model 55%
Preprocess model 56%
Preprocess model 56%
Preprocess model 57%
Preprocess model 57%
Preprocess model 61%
Preprocess model 64%
Preprocess model 68%
Preprocess model 71%
Preprocess model 71%
Preprocess model 86%
Preprocess model 87%
Preprocess model 88%
Preprocess model 89%
Preprocess model 90%
Preprocess model 92%
Preprocess model 93%
Preprocess model 94%
Preprocess model 95%
Preprocess model 96%
Preprocess model 98%
Preprocess model 99%
Preprocess model 100%
Preprocess model 100%
Preprocess model 100%
[milp_hexaly_robust] gamma=2 vars~48000 duals seeded contract=share-band(lines) rows=per-day days=47 coverage_allowance=0 seeded=2000 build=28.6s (ls_time=45 ignored: the mean-day repair is what this backend replaces)
[milp_hexaly_robust] gamma=2 obj=30686 bound=1611.0 status='HxSolutionStatus.FEASIBLE' elapsed=636.6s cap_broken=0 station_days_over=0 days_breached=0/47 (allowed 0)
[fold 2 gamma=2] V_tr=546008 V_te=34359 PoR=12.77% G=-11.41% viol_norm=24 max_ratio=37.20 robust_ok=True (638s)
Preprocess model 0%
Preprocess model 1%
Preprocess model 1%
Preprocess model 2%
Preprocess model 2%
Preprocess model 3%
Preprocess model 3%
Preprocess model 4%
Preprocess model 4%
Preprocess model 5%
Preprocess model 5%
Preprocess model 6%
Preprocess model 7%
Preprocess model 7%
Preprocess model 8%
Preprocess model 8%
Preprocess model 9%
Preprocess model 9%
Preprocess model 10%
Preprocess model 10%
Preprocess model 11%
Preprocess model 12%
Preprocess model 12%
Preprocess model 13%
Preprocess model 13%
Preprocess model 14%
Preprocess model 14%
Preprocess model 14%
Preprocess model 29%
Preprocess model 43%
Preprocess model 44%
Preprocess model 44%
Preprocess model 45%
Preprocess model 46%
Preprocess model 47%
Preprocess model 48%
Preprocess model 48%
Preprocess model 49%
Preprocess model 50%
Preprocess model 51%
Preprocess model 52%
Preprocess model 52%
Preprocess model 53%
Preprocess model 54%
Preprocess model 55%
Preprocess model 56%
Preprocess model 56%
Preprocess model 57%
Preprocess model 57%
Preprocess model 61%
Preprocess model 64%
Preprocess model 68%
Preprocess model 71%
Preprocess model 71%
Preprocess model 86%
Preprocess model 87%
Preprocess model 88%
Preprocess model 89%
Preprocess model 90%
Preprocess model 92%
Preprocess model 93%
Preprocess model 94%
Preprocess model 95%
Preprocess model 96%
Preprocess model 98%
Preprocess model 99%
Preprocess model 100%
Preprocess model 100%
Preprocess model 100%
[milp_hexaly_robust] gamma=4 vars~48000 duals seeded contract=share-band(lines) rows=per-day days=47 coverage_allowance=0 seeded=2000 build=28.7s (ls_time=45 ignored: the mean-day repair is what this backend replaces)
[milp_hexaly_robust] gamma=4 no feasible solution found (status='infeasible'; NOT proven) elapsed=636.7s
[fold 2 gamma=4] UNDETERMINED (no incumbent in limit)
[fold 2] beta=1.02: band tightened to 1.3292x total permission (vs 1.3558x at beta=1); INCUMBENT breaches 10/47 train days
Preprocess model 0%
Preprocess model 1%
Preprocess model 1%
Preprocess model 2%
Preprocess model 2%
Preprocess model 3%
Preprocess model 3%
Preprocess model 4%
Preprocess model 4%
Preprocess model 5%
Preprocess model 5%
Preprocess model 6%
Preprocess model 7%
Preprocess model 7%
Preprocess model 8%
Preprocess model 8%
Preprocess model 9%
Preprocess model 9%
Preprocess model 10%
Preprocess model 10%
Preprocess model 11%
Preprocess model 12%
Preprocess model 12%
Preprocess model 13%
Preprocess model 13%
Preprocess model 14%
Preprocess model 14%
Preprocess model 14%
Preprocess model 29%
Preprocess model 43%
Preprocess model 44%
Preprocess model 44%
Preprocess model 45%
Preprocess model 46%
Preprocess model 47%
Preprocess model 48%
Preprocess model 48%
Preprocess model 49%
Preprocess model 50%
Preprocess model 51%
Preprocess model 52%
Preprocess model 52%
Preprocess model 53%
Preprocess model 54%
Preprocess model 55%
Preprocess model 56%
Preprocess model 56%
Preprocess model 57%
Preprocess model 57%
Preprocess model 61%
Preprocess model 64%
Preprocess model 68%
Preprocess model 71%
Preprocess model 71%
Preprocess model 86%
Preprocess model 87%
Preprocess model 88%
Preprocess model 89%
Preprocess model 90%
Preprocess model 92%
Preprocess model 93%
Preprocess model 94%
Preprocess model 95%
Preprocess model 96%
Preprocess model 98%
Preprocess model 99%
Preprocess model 100%
Preprocess model 100%
Preprocess model 100%
[milp_hexaly_robust] gamma=0 vars~48000 duals N/A (gamma=0) contract=share-band(lines) rows=per-day days=47 coverage_allowance=0 seeded=2000 build=20.7s (ls_time=45 ignored: the mean-day repair is what this backend replaces)
[milp_hexaly_robust] gamma=0 obj=20724 bound=1197.0 status='HxSolutionStatus.FEASIBLE' elapsed=627.0s cap_broken=0 station_days_over=0 days_breached=0/47 (allowed 0)
[fold 2 beta=1.02] V_tr=487329 V_te=30966 PoR=0.65% G=-0.41% viol_norm=24 max_ratio=40.10
[fold 2] beta=1.05: band tightened to 1.2912x total permission (vs 1.3558x at beta=1); INCUMBENT breaches 17/47 train days
Preprocess model 0%
Preprocess model 1%
Preprocess model 1%
Preprocess model 2%
Preprocess model 2%
Preprocess model 3%
Preprocess model 3%
Preprocess model 4%
Preprocess model 4%
Preprocess model 5%
Preprocess model 5%
Preprocess model 6%
Preprocess model 7%
Preprocess model 7%
Preprocess model 8%
Preprocess model 8%
Preprocess model 9%
Preprocess model 9%
Preprocess model 10%
Preprocess model 10%
Preprocess model 11%
Preprocess model 12%
Preprocess model 12%
Preprocess model 13%
Preprocess model 13%
Preprocess model 14%
Preprocess model 14%
Preprocess model 14%
Preprocess model 29%
Preprocess model 43%
Preprocess model 44%
Preprocess model 44%
Preprocess model 45%
Preprocess model 46%
Preprocess model 47%
Preprocess model 48%
Preprocess model 48%
Preprocess model 49%
Preprocess model 50%
Preprocess model 51%
Preprocess model 52%
Preprocess model 52%
Preprocess model 53%
Preprocess model 54%
Preprocess model 55%
Preprocess model 56%
Preprocess model 56%
Preprocess model 57%
Preprocess model 57%
Preprocess model 61%
Preprocess model 64%
Preprocess model 68%
Preprocess model 71%
Preprocess model 71%
Preprocess model 86%
Preprocess model 87%
Preprocess model 88%
Preprocess model 89%
Preprocess model 90%
Preprocess model 92%
Preprocess model 93%
Preprocess model 94%
Preprocess model 95%
Preprocess model 96%
Preprocess model 98%
Preprocess model 99%
Preprocess model 100%
Preprocess model 100%
Preprocess model 100%
[milp_hexaly_robust] gamma=0 vars~48000 duals N/A (gamma=0) contract=share-band(lines) rows=per-day days=47 coverage_allowance=0 seeded=2000 build=20.9s (ls_time=45 ignored: the mean-day repair is what this backend replaces)
[milp_hexaly_robust] gamma=0 obj=20780 bound=2235.0 status='HxSolutionStatus.FEASIBLE' elapsed=627.3s cap_broken=0 station_days_over=0 days_breached=0/47 (allowed 0)
[fold 2 beta=1.05] V_tr=490418 V_te=31295 PoR=1.29% G=-1.48% viol_norm=24 max_ratio=36.51
[run_bs_robust_experiment] DONE: 6 rows -> results/z_contract/z3
