[run_bs_robust_experiment] backend=hexaly
[fold 3] warm start: 2000 products seeded
[fold 3] lhat mode=daily
[fold 3] c_q90=4.387 T_s=5 lhat_max=106.3
[fold 3] per-day rows: 51 days x 24 stations = 1224 workload rows; matrix lines=738063; coverage=max -> at most 0 of 51 days may breach
[fold 3] share band z=4: sum(mu)=1.000000 sum(sigma)=0.1198 total permission=1.479x; INCUMBENT breaches 3/51 train days at this z (reference line, not a target)
Preprocess model 0%
Preprocess model 1%
Preprocess model 1%
Preprocess model 2%
Preprocess model 2%
Preprocess model 3%
Preprocess model 3%
Preprocess model 4%
Preprocess model 4%
Preprocess model 5%
Preprocess model 5%
Preprocess model 6%
Preprocess model 7%
Preprocess model 7%
Preprocess model 8%
Preprocess model 8%
Preprocess model 9%
Preprocess model 9%
Preprocess model 10%
Preprocess model 10%
Preprocess model 11%
Preprocess model 12%
Preprocess model 12%
Preprocess model 13%
Preprocess model 13%
Preprocess model 14%
Preprocess model 14%
Preprocess model 14%
Preprocess model 29%
Preprocess model 43%
Preprocess model 44%
Preprocess model 44%
Preprocess model 45%
Preprocess model 46%
Preprocess model 47%
Preprocess model 48%
Preprocess model 48%
Preprocess model 49%
Preprocess model 50%
Preprocess model 51%
Preprocess model 52%
Preprocess model 52%
Preprocess model 53%
Preprocess model 54%
Preprocess model 55%
Preprocess model 56%
Preprocess model 56%
Preprocess model 57%
Preprocess model 57%
Preprocess model 61%
Preprocess model 64%
Preprocess model 68%
Preprocess model 71%
Preprocess model 71%
Preprocess model 86%
Preprocess model 87%
Preprocess model 88%
Preprocess model 89%
Preprocess model 90%
Preprocess model 92%
Preprocess model 93%
Preprocess model 94%
Preprocess model 95%
Preprocess model 96%
Preprocess model 98%
Preprocess model 99%
Preprocess model 100%
Preprocess model 100%
Preprocess model 100%
[milp_hexaly_robust] gamma=0 vars~48000 duals N/A (gamma=0) contract=share-band(lines) rows=per-day days=51 coverage_allowance=0 seeded=2000 build=22.1s (ls_time=45 ignored: the mean-day repair is what this backend replaces)
[milp_hexaly_robust] gamma=0 obj=20651 bound=3504.0 status='HxSolutionStatus.FEASIBLE' elapsed=629.5s cap_broken=0 station_days_over=0 days_breached=0/51 (allowed 0)
[fold 3 gamma=0] V_tr=506392 V_te=53808 PoR=0.00% G=0.00% viol_norm=24 max_ratio=42.48 robust_ok=True (630s)
Preprocess model 0%
Preprocess model 1%
Preprocess model 1%
Preprocess model 2%
Preprocess model 2%
Preprocess model 3%
Preprocess model 3%
Preprocess model 4%
Preprocess model 4%
Preprocess model 5%
Preprocess model 5%
Preprocess model 6%
Preprocess model 7%
Preprocess model 7%
Preprocess model 8%
Preprocess model 8%
Preprocess model 9%
Preprocess model 9%
Preprocess model 10%
Preprocess model 10%
Preprocess model 11%
Preprocess model 12%
Preprocess model 12%
Preprocess model 13%
Preprocess model 13%
Preprocess model 14%
Preprocess model 14%
Preprocess model 14%
Preprocess model 29%
Preprocess model 43%
Preprocess model 44%
Preprocess model 44%
Preprocess model 45%
Preprocess model 46%
Preprocess model 47%
Preprocess model 48%
Preprocess model 48%
Preprocess model 49%
Preprocess model 50%
Preprocess model 51%
Preprocess model 52%
Preprocess model 52%
Preprocess model 53%
Preprocess model 54%
Preprocess model 55%
Preprocess model 56%
Preprocess model 56%
Preprocess model 57%
Preprocess model 57%
Preprocess model 61%
Preprocess model 64%
Preprocess model 68%
Preprocess model 71%
Preprocess model 71%
Preprocess model 86%
Preprocess model 87%
Preprocess model 88%
Preprocess model 89%
Preprocess model 90%
Preprocess model 92%
Preprocess model 93%
Preprocess model 94%
Preprocess model 95%
Preprocess model 96%
Preprocess model 98%
Preprocess model 99%
Preprocess model 100%
Preprocess model 100%
Preprocess model 100%
[milp_hexaly_robust] gamma=1 vars~48000 duals seeded contract=share-band(lines) rows=per-day days=51 coverage_allowance=0 seeded=2000 build=30.0s (ls_time=45 ignored: the mean-day repair is what this backend replaces)
[milp_hexaly_robust] gamma=1 obj=27548 bound=1441.0 status='HxSolutionStatus.FEASIBLE' elapsed=639.6s cap_broken=0 station_days_over=0 days_breached=0/51 (allowed 0)
[fold 3 gamma=1] V_tr=561486 V_te=59755 PoR=10.88% G=-11.05% viol_norm=24 max_ratio=37.75 robust_ok=True (641s)
Preprocess model 0%
Preprocess model 1%
Preprocess model 1%
Preprocess model 2%
Preprocess model 2%
Preprocess model 3%
Preprocess model 3%
Preprocess model 4%
Preprocess model 4%
Preprocess model 5%
Preprocess model 5%
Preprocess model 6%
Preprocess model 7%
Preprocess model 7%
Preprocess model 8%
Preprocess model 8%
Preprocess model 9%
Preprocess model 9%
Preprocess model 10%
Preprocess model 10%
Preprocess model 11%
Preprocess model 12%
Preprocess model 12%
Preprocess model 13%
Preprocess model 13%
Preprocess model 14%
Preprocess model 14%
Preprocess model 14%
Preprocess model 29%
Preprocess model 43%
Preprocess model 44%
Preprocess model 44%
Preprocess model 45%
Preprocess model 46%
Preprocess model 47%
Preprocess model 48%
Preprocess model 48%
Preprocess model 49%
Preprocess model 50%
Preprocess model 51%
Preprocess model 52%
Preprocess model 52%
Preprocess model 53%
Preprocess model 54%
Preprocess model 55%
Preprocess model 56%
Preprocess model 56%
Preprocess model 57%
Preprocess model 57%
Preprocess model 61%
Preprocess model 64%
Preprocess model 68%
Preprocess model 71%
Preprocess model 71%
Preprocess model 86%
Preprocess model 87%
Preprocess model 88%
Preprocess model 89%
Preprocess model 90%
Preprocess model 92%
Preprocess model 93%
Preprocess model 94%
Preprocess model 95%
Preprocess model 96%
Preprocess model 98%
Preprocess model 99%
Preprocess model 100%
Preprocess model 100%
Preprocess model 100%
[milp_hexaly_robust] gamma=2 vars~48000 duals seeded contract=share-band(lines) rows=per-day days=51 coverage_allowance=0 seeded=2000 build=30.2s (ls_time=45 ignored: the mean-day repair is what this backend replaces)
[milp_hexaly_robust] gamma=2 obj=28935 bound=2379.0 status='HxSolutionStatus.FEASIBLE' elapsed=638.8s cap_broken=0 station_days_over=0 days_breached=0/51 (allowed 0)
[fold 3 gamma=2] V_tr=568034 V_te=60325 PoR=12.17% G=-12.11% viol_norm=24 max_ratio=38.60 robust_ok=True (641s)
Preprocess model 0%
Preprocess model 1%
Preprocess model 1%
Preprocess model 2%
Preprocess model 2%
Preprocess model 3%
Preprocess model 3%
Preprocess model 4%
Preprocess model 4%
Preprocess model 5%
Preprocess model 5%
Preprocess model 6%
Preprocess model 7%
Preprocess model 7%
Preprocess model 8%
Preprocess model 8%
Preprocess model 9%
Preprocess model 9%
Preprocess model 10%
Preprocess model 10%
Preprocess model 11%
Preprocess model 12%
Preprocess model 12%
Preprocess model 13%
Preprocess model 13%
Preprocess model 14%
Preprocess model 14%
Preprocess model 14%
Preprocess model 29%
Preprocess model 43%
Preprocess model 44%
Preprocess model 44%
Preprocess model 45%
Preprocess model 46%
Preprocess model 47%
Preprocess model 48%
Preprocess model 48%
Preprocess model 49%
Preprocess model 50%
Preprocess model 51%
Preprocess model 52%
Preprocess model 52%
Preprocess model 53%
Preprocess model 54%
Preprocess model 55%
Preprocess model 56%
Preprocess model 56%
Preprocess model 57%
Preprocess model 57%
Preprocess model 61%
Preprocess model 64%
Preprocess model 68%
Preprocess model 71%
Preprocess model 71%
Preprocess model 86%
Preprocess model 87%
Preprocess model 88%
Preprocess model 89%
Preprocess model 90%
Preprocess model 92%
Preprocess model 93%
Preprocess model 94%
Preprocess model 95%
Preprocess model 96%
Preprocess model 98%
Preprocess model 99%
Preprocess model 100%
Preprocess model 100%
Preprocess model 100%
[milp_hexaly_robust] gamma=4 vars~48000 duals seeded contract=share-band(lines) rows=per-day days=51 coverage_allowance=0 seeded=2000 build=30.1s (ls_time=45 ignored: the mean-day repair is what this backend replaces)
[milp_hexaly_robust] gamma=4 obj=31289 bound=1472.0 status='HxSolutionStatus.FEASIBLE' elapsed=639.5s cap_broken=0 station_days_over=0 days_breached=0/51 (allowed 0)
[fold 3 gamma=4] V_tr=579553 V_te=61381 PoR=14.45% G=-14.07% viol_norm=24 max_ratio=38.44 robust_ok=True (641s)
[fold 3] beta=1.02: band tightened to 1.4501x total permission (vs 1.4791x at beta=1); INCUMBENT breaches 4/51 train days
Preprocess model 0%
Preprocess model 1%
Preprocess model 1%
Preprocess model 2%
Preprocess model 2%
Preprocess model 3%
Preprocess model 3%
Preprocess model 4%
Preprocess model 4%
Preprocess model 5%
Preprocess model 5%
Preprocess model 6%
Preprocess model 7%
Preprocess model 7%
Preprocess model 8%
Preprocess model 8%
Preprocess model 9%
Preprocess model 9%
Preprocess model 10%
Preprocess model 10%
Preprocess model 11%
Preprocess model 12%
Preprocess model 12%
Preprocess model 13%
Preprocess model 13%
Preprocess model 14%
Preprocess model 14%
Preprocess model 14%
Preprocess model 29%
Preprocess model 43%
Preprocess model 44%
Preprocess model 44%
Preprocess model 45%
Preprocess model 46%
Preprocess model 47%
Preprocess model 48%
Preprocess model 48%
Preprocess model 49%
Preprocess model 50%
Preprocess model 51%
Preprocess model 52%
Preprocess model 52%
Preprocess model 53%
Preprocess model 54%
Preprocess model 55%
Preprocess model 56%
Preprocess model 56%
Preprocess model 57%
Preprocess model 57%
Preprocess model 61%
Preprocess model 64%
Preprocess model 68%
Preprocess model 71%
Preprocess model 71%
Preprocess model 86%
Preprocess model 87%
Preprocess model 88%
Preprocess model 89%
Preprocess model 90%
Preprocess model 92%
Preprocess model 93%
Preprocess model 94%
Preprocess model 95%
Preprocess model 96%
Preprocess model 98%
Preprocess model 99%
Preprocess model 100%
Preprocess model 100%
Preprocess model 100%
[milp_hexaly_robust] gamma=0 vars~48000 duals N/A (gamma=0) contract=share-band(lines) rows=per-day days=51 coverage_allowance=0 seeded=2000 build=21.9s (ls_time=45 ignored: the mean-day repair is what this backend replaces)
[milp_hexaly_robust] gamma=0 obj=20880 bound=2929.0 status='HxSolutionStatus.FEASIBLE' elapsed=629.0s cap_broken=0 station_days_over=0 days_breached=0/51 (allowed 0)
[fold 3 beta=1.02] V_tr=512551 V_te=54237 PoR=1.22% G=-0.80% viol_norm=24 max_ratio=43.25
[fold 3] beta=1.05: band tightened to 1.4087x total permission (vs 1.4791x at beta=1); INCUMBENT breaches 8/51 train days
Preprocess model 0%
Preprocess model 1%
Preprocess model 1%
Preprocess model 2%
Preprocess model 2%
Preprocess model 3%
Preprocess model 3%
Preprocess model 4%
Preprocess model 4%
Preprocess model 5%
Preprocess model 5%
Preprocess model 6%
Preprocess model 7%
Preprocess model 7%
Preprocess model 8%
Preprocess model 8%
Preprocess model 9%
Preprocess model 9%
Preprocess model 10%
Preprocess model 10%
Preprocess model 11%
Preprocess model 12%
Preprocess model 12%
Preprocess model 13%
Preprocess model 13%
Preprocess model 14%
Preprocess model 14%
Preprocess model 14%
Preprocess model 29%
Preprocess model 43%
Preprocess model 44%
Preprocess model 44%
Preprocess model 45%
Preprocess model 46%
Preprocess model 47%
Preprocess model 48%
Preprocess model 48%
Preprocess model 49%
Preprocess model 50%
Preprocess model 51%
Preprocess model 52%
Preprocess model 52%
Preprocess model 53%
Preprocess model 54%
Preprocess model 55%
Preprocess model 56%
Preprocess model 56%
Preprocess model 57%
Preprocess model 57%
Preprocess model 61%
Preprocess model 64%
Preprocess model 68%
Preprocess model 71%
Preprocess model 71%
Preprocess model 86%
Preprocess model 87%
Preprocess model 88%
Preprocess model 89%
Preprocess model 90%
Preprocess model 92%
Preprocess model 93%
Preprocess model 94%
Preprocess model 95%
Preprocess model 96%
Preprocess model 98%
Preprocess model 99%
Preprocess model 100%
Preprocess model 100%
Preprocess model 100%
[milp_hexaly_robust] gamma=0 vars~48000 duals N/A (gamma=0) contract=share-band(lines) rows=per-day days=51 coverage_allowance=0 seeded=2000 build=21.8s (ls_time=45 ignored: the mean-day repair is what this backend replaces)
[milp_hexaly_robust] gamma=0 obj=20832 bound=2021.0 status='HxSolutionStatus.FEASIBLE' elapsed=629.3s cap_broken=0 station_days_over=0 days_breached=0/51 (allowed 0)
[fold 3 beta=1.05] V_tr=518852 V_te=55243 PoR=2.46% G=-2.67% viol_norm=24 max_ratio=48.94
[run_bs_robust_experiment] DONE: 6 rows -> results/z_contract/z4
